Command line invocation:
    "/Volumes/External SSD/Xcode.app/Contents/Developer/usr/bin/xcodebuild" -project .derived/compute-checks/ComputeChecks.xcodeproj -scheme NOOPWatch -destination generic/platform=watchOS -derivedDataPath .derived/compute-watch CODE_SIGNING_ALLOWED=NO build

Build settings from command line:
    CODE_SIGNING_ALLOWED = NO

Resolve Package Graph


Resolved source packages:
  cmark-gfm: https://github.com/swiftlang/swift-cmark @ 0.8.0
  StrandAnalytics: /Volumes/Untitled/WHOOP NARA-vps-only-compute/Packages/StrandAnalytics
  WhoopProtocol: /Volumes/Untitled/WHOOP NARA-vps-only-compute/Packages/WhoopProtocol
  swift-markdown-ui: https://github.com/gonzalezreal/swift-markdown-ui @ 2.4.1
  WhoopStore: /Volumes/Untitled/WHOOP NARA-vps-only-compute/Packages/WhoopStore
  StrandImport: /Volumes/Untitled/WHOOP NARA-vps-only-compute/Packages/StrandImport
  ZIPFoundation: https://github.com/weichsel/ZIPFoundation.git @ 0.9.20
  OuraProtocol: /Volumes/Untitled/WHOOP NARA-vps-only-compute/Packages/OuraProtocol
  NetworkImage: https://github.com/gonzalezreal/NetworkImage @ 6.0.1
  StrandDesign: /Volumes/Untitled/WHOOP NARA-vps-only-compute/Packages/StrandDesign
  NoopPush: /Volumes/Untitled/WHOOP NARA-vps-only-compute/Packages/NoopPush
  GRDB: https://github.com/groue/GRDB.swift.git @ 6.29.3
  PolarProtocol: /Volumes/Untitled/WHOOP NARA-vps-only-compute/Packages/PolarProtocol

ComputePackagePrebuildTargetDependencyGraph

Prepare packages

CreateBuildRequest

SendProjectDescription

CreateBuildOperation

ComputeTargetDependencyGraph
note: Building targets in dependency order
note: Target dependency graph (18 targets)
    Target 'NOOPWatch' in project 'ComputeChecks'
        ➜ Explicit dependency on target 'NOOPWatchComplications' in project 'ComputeChecks'
        ➜ Explicit dependency on target 'StrandDesign' in project 'StrandDesign'
        ➜ Explicit dependency on target 'StrandAnalytics' in project 'StrandAnalytics'
    Target 'StrandAnalytics' in project 'StrandAnalytics'
        ➜ Explicit dependency on target 'StrandAnalytics' in project 'StrandAnalytics'
        ➜ Explicit dependency on target 'WhoopProtocol' in project 'WhoopProtocol'
        ➜ Explicit dependency on target 'WhoopStore' in project 'WhoopStore'
    Target 'StrandAnalytics' in project 'StrandAnalytics'
        ➜ Explicit dependency on target 'WhoopProtocol' in project 'WhoopProtocol'
        ➜ Explicit dependency on target 'WhoopStore' in project 'WhoopStore'
    Target 'WhoopStore' in project 'WhoopStore'
        ➜ Explicit dependency on target 'WhoopStore' in project 'WhoopStore'
        ➜ Explicit dependency on target 'WhoopProtocol' in project 'WhoopProtocol'
        ➜ Explicit dependency on target 'OuraProtocol' in project 'OuraProtocol'
        ➜ Explicit dependency on target 'GRDB' in project 'GRDB'
    Target 'WhoopStore' in project 'WhoopStore'
        ➜ Explicit dependency on target 'WhoopProtocol' in project 'WhoopProtocol'
        ➜ Explicit dependency on target 'OuraProtocol' in project 'OuraProtocol'
        ➜ Explicit dependency on target 'GRDB' in project 'GRDB'
    Target 'GRDB' in project 'GRDB'
        ➜ Explicit dependency on target 'GRDB' in project 'GRDB'
        ➜ Explicit dependency on target 'GRDB_GRDB' in project 'GRDB'
    Target 'GRDB' in project 'GRDB'
        ➜ Explicit dependency on target 'GRDB_GRDB' in project 'GRDB'
        ➜ Explicit dependency on target 'CSQLite' in project 'GRDB'
    Target 'CSQLite' in project 'GRDB' (no dependencies)
    Target 'GRDB_GRDB' in project 'GRDB' (no dependencies)
    Target 'OuraProtocol' in project 'OuraProtocol'
        ➜ Explicit dependency on target 'OuraProtocol' in project 'OuraProtocol'
    Target 'OuraProtocol' in project 'OuraProtocol' (no dependencies)
    Target 'WhoopProtocol' in project 'WhoopProtocol'
        ➜ Explicit dependency on target 'WhoopProtocol' in project 'WhoopProtocol'
        ➜ Explicit dependency on target 'WhoopProtocol_WhoopProtocol' in project 'WhoopProtocol'
    Target 'WhoopProtocol' in project 'WhoopProtocol'
        ➜ Explicit dependency on target 'WhoopProtocol_WhoopProtocol' in project 'WhoopProtocol'
    Target 'WhoopProtocol_WhoopProtocol' in project 'WhoopProtocol' (no dependencies)
    Target 'NOOPWatchComplications' in project 'ComputeChecks'
        ➜ Explicit dependency on target 'StrandDesign' in project 'StrandDesign'
    Target 'StrandDesign' in project 'StrandDesign'
        ➜ Explicit dependency on target 'StrandDesign' in project 'StrandDesign'
        ➜ Explicit dependency on target 'StrandDesign_StrandDesign' in project 'StrandDesign'
    Target 'StrandDesign' in project 'StrandDesign'
        ➜ Explicit dependency on target 'StrandDesign_StrandDesign' in project 'StrandDesign'
    Target 'StrandDesign_StrandDesign' in project 'StrandDesign' (no dependencies)

GatherProvisioningInputs

CreateBuildDescription

ClangStatCache /Volumes/External\ SSD/Xcode.app/Contents/Developer/Toolchains/XcodeDefault.xctoolchain/usr/bin/clang-stat-cache /Volumes/External\ SSD/Xcode.app/Contents/Developer/Platforms/WatchOS.platform/Developer/SDKs/WatchOS26.2.sdk /Volumes/Untitled/WHOOP\ NARA-vps-only-compute/.derived/compute-watch/SDKStatCaches.noindex/watchos26.2-23S303-1f70a4a4d57058e5cab45a53433ea3f2.sdkstatcache
    cd /Volumes/Untitled/WHOOP\ NARA-vps-only-compute/.derived/compute-checks/ComputeChecks.xcodeproj
    /Volumes/External\ SSD/Xcode.app/Contents/Developer/Toolchains/XcodeDefault.xctoolchain/usr/bin/clang-stat-cache /Volumes/External\ SSD/Xcode.app/Contents/Developer/Platforms/WatchOS.platform/Developer/SDKs/WatchOS26.2.sdk -o /Volumes/Untitled/WHOOP\ NARA-vps-only-compute/.derived/compute-watch/SDKStatCaches.noindex/watchos26.2-23S303-1f70a4a4d57058e5cab45a53433ea3f2.sdkstatcache

** BUILD SUCCEEDED **

